<html>
<body>
<pre>
<h1>µVision Build Log</h1>
<h2>Tool Versions:</h2>
IDE-Version: ¦ÌVision V5.29.0.0
Copyright (C) 2019 ARM Ltd and ARM Germany GmbH. All rights reserved.
License Information:  ,  , LIC=76F5U-SZZ34-45RT5-GJRJJ-ZJPC9-DH6GC
 
Tool Versions:
Toolchain:       MDK-ARM Plus  Version: 5.29.0.0
Toolchain Path:  E:\MDK529\ARM\ARMCC\Bin
C Compiler:      Armcc.exe V5.06 update 6 (build 750)
Assembler:       Armasm.exe V5.06 update 6 (build 750)
Linker/Locator:  ArmLink.exe V5.06 update 6 (build 750)
Library Manager: ArmAr.exe V5.06 update 6 (build 750)
Hex Converter:   FromElf.exe V5.06 update 6 (build 750)
CPU DLL:         SARMCM3.DLL V5.29.0.0
Dialog DLL:      DCM.DLL V1.17.3.0
Target DLL:      STLink\ST-LINKIII-KEIL_SWO.dll V3.0.7.0
Dialog DLL:      TCM.DLL V1.36.5.0
 
<h2>Project:</h2>
H:\MISCEA\stm32f411-MISCEA\MDK-ARM\stm32f411-MISCEA.uvprojx
Project File Date:  08/05/2020

<h2>Output:</h2>
*** Using Compiler 'V5.06 update 6 (build 750)', folder: 'E:\MDK529\ARM\ARMCC\Bin'
Build target 'stm32f411-MISCEA'
compiling main.c...
../Src/main.c(152): warning:  #188-D: enumerated type mixed with another type
  		HAL_GPIO_WritePin(LED_GPIO_Port,LED_Pin,0);
../Src/main.c(153): warning:  #188-D: enumerated type mixed with another type
  		HAL_GPIO_WritePin(LED6_GPIO_Port,LED6_Pin,0);
../Src/main.c(154): warning:  #188-D: enumerated type mixed with another type
  		HAL_GPIO_WritePin(LED7_GPIO_Port,LED7_Pin,0);
../Src/main.c(155): warning:  #188-D: enumerated type mixed with another type
  		HAL_GPIO_WritePin(LED8_GPIO_Port,LED8_Pin,0);
../Src/main.c(156): warning:  #188-D: enumerated type mixed with another type
  		HAL_GPIO_WritePin(LED12_GPIO_Port,LED12_Pin,0);
../Src/main.c(157): warning:  #188-D: enumerated type mixed with another type
  		HAL_GPIO_WritePin(LED13_GPIO_Port,LED13_Pin,0);
../Src/main.c(159): warning:  #188-D: enumerated type mixed with another type
  		HAL_GPIO_WritePin(LED_GPIO_Port,LED_Pin,1);
../Src/main.c(160): warning:  #188-D: enumerated type mixed with another type
  		HAL_GPIO_WritePin(LED6_GPIO_Port,LED6_Pin,1);
../Src/main.c(161): warning:  #188-D: enumerated type mixed with another type
  		HAL_GPIO_WritePin(LED7_GPIO_Port,LED7_Pin,1);
../Src/main.c(162): warning:  #188-D: enumerated type mixed with another type
  		HAL_GPIO_WritePin(LED8_GPIO_Port,LED8_Pin,1);
../Src/main.c(163): warning:  #188-D: enumerated type mixed with another type
  		HAL_GPIO_WritePin(LED12_GPIO_Port,LED12_Pin,1);
../Src/main.c(164): warning:  #188-D: enumerated type mixed with another type
  		HAL_GPIO_WritePin(LED13_GPIO_Port,LED13_Pin,1);
../Src/main.c(83): warning:  #177-D: variable "raw_data_index_new"  was declared but never referenced
  	uint16_t raw_data_index_new = 0;		
../Src/main.c: 13 warnings, 0 errors
linking...
Program Size: Code=13948 RO-data=464 RW-data=236 ZI-data=4564  
FromELF: creating hex file...
"stm32f411-MISCEA\stm32f411-MISCEA.axf" - 0 Error(s), 13 Warning(s).

<h2>Software Packages used:</h2>

Package Vendor: ARM
                http://www.keil.com/pack/ARM.CMSIS.5.6.0.pack
                ARM.CMSIS.5.6.0
                CMSIS (Cortex Microcontroller Software Interface Standard)
   * Component: CORE Version: 5.3.0

Package Vendor: Keil
                http://www.keil.com/pack/Keil.STM32F4xx_DFP.2.11.0.pack
                Keil.STM32F4xx_DFP.2.11.0
                STMicroelectronics STM32F4 Series Device Support, Drivers and Examples

<h2>Collection of Component include folders:</h2>
  .\RTE\_stm32f411-MISCEA
  E:\MDK529\ARM\CMSIS\5.6.0\CMSIS\Core\Include
  E:\MDK529\Keil\STM32F4xx_DFP\2.11.0\Drivers\CMSIS\Device\ST\STM32F4xx\Include

<h2>Collection of Component Files used:</h2>

   * Component: ARM::CMSIS:CORE:5.3.0
Build Time Elapsed:  00:00:01
</pre>
</body>
</html>
